
Evgeniy@Evgeniy-▒▒ MINGW64 ~/Desktop/git_task (master)
$ git init
Initialized empty Git repository in C:/Users/Evgeniy/Desktop/git_task/.git/

Evgeniy@Evgeniy-▒▒ MINGW64 ~/Desktop/git_task (master)
$ git status
On branch master

Initial commit

Untracked files:
  (use "git add <file>..." to include in what will be committed)

        index.php

nothing added to commit but untracked files present (use "git add" to track)

Evgeniy@Evgeniy-▒▒ MINGW64 ~/Desktop/git_task (master)
$ git add.
git: 'add.' is not a git command. See 'git --help'.

Did you mean this?
        add

Evgeniy@Evgeniy-▒▒ MINGW64 ~/Desktop/git_task (master)
$ git add *

Evgeniy@Evgeniy-▒▒ MINGW64 ~/Desktop/git_task (master)
$ git status
On branch master

Initial commit

Changes to be committed:
  (use "git rm --cached <file>..." to unstage)

        new file:   index.php


Evgeniy@Evgeniy-▒▒ MINGW64 ~/Desktop/git_task (master)
$ git commit -m "1:first(one)"
[master (root-commit) c089387] 1:first(one)
 1 file changed, 15 insertions(+)
 create mode 100644 index.php

Evgeniy@Evgeniy-▒▒ MINGW64 ~/Desktop/git_task (master)
$ git status
On branch master
Changes not staged for commit:
  (use "git add <file>..." to update what will be committed)
  (use "git checkout -- <file>..." to discard changes in working directory)

        modified:   index.php

no changes added to commit (use "git add" and/or "git commit -a")

Evgeniy@Evgeniy-▒▒ MINGW64 ~/Desktop/git_task (master)
$ git commit -a -m "2:second(two)"
[master 5c03b4c] 2:second(two)
 1 file changed, 3 insertions(+), 1 deletion(-)

Evgeniy@Evgeniy-▒▒ MINGW64 ~/Desktop/git_task (master)
$ git status
On branch master
nothing to commit, working directory clean

Evgeniy@Evgeniy-▒▒ MINGW64 ~/Desktop/git_task (master)
$ git checkout -b develop
Switched to a new branch 'develop'

Evgeniy@Evgeniy-▒▒ MINGW64 ~/Desktop/git_task (develop)
$ Switched to a new branch 'develop'
bash: Switched: command not found

Evgeniy@Evgeniy-▒▒ MINGW64 ~/Desktop/git_task (develop)
$ git branch -v
* develop 5c03b4c 2:second(two)
  master  5c03b4c 2:second(two)

Evgeniy@Evgeniy-▒▒ MINGW64 ~/Desktop/git_task (develop)
$ git status
On branch develop
Untracked files:
  (use "git add <file>..." to include in what will be committed)

        main.php

nothing added to commit but untracked files present (use "git add" to track)

Evgeniy@Evgeniy-▒▒ MINGW64 ~/Desktop/git_task (develop)
$ git status
On branch develop
Untracked files:
  (use "git add <file>..." to include in what will be committed)

        main.php

nothing added to commit but untracked files present (use "git add" to track)

Evgeniy@Evgeniy-▒▒ MINGW64 ~/Desktop/git_task (develop)
$ git add main.php

Evgeniy@Evgeniy-▒▒ MINGW64 ~/Desktop/git_task (develop)
$ gut stats
bash: gut: command not found

Evgeniy@Evgeniy-▒▒ MINGW64 ~/Desktop/git_task (develop)
$ git status
On branch develop
Changes to be committed:
  (use "git reset HEAD <file>..." to unstage)

        new file:   main.php


Evgeniy@Evgeniy-▒▒ MINGW64 ~/Desktop/git_task (develop)
$ git commit -m "3:first_dev(one_dev)"
[develop 6090f50] 3:first_dev(one_dev)
 1 file changed, 5 insertions(+)
 create mode 100644 main.php

Evgeniy@Evgeniy-▒▒ MINGW64 ~/Desktop/git_task (develop)
$ git commit -a -m "4:second_dev(two_dev)"
[develop c7bb92b] 4:second_dev(two_dev)
 1 file changed, 3 insertions(+), 1 deletion(-)

Evgeniy@Evgeniy-▒▒ MINGW64 ~/Desktop/git_task (develop)
$ git status
On branch develop
nothing to commit, working directory clean

Evgeniy@Evgeniy-▒▒ MINGW64 ~/Desktop/git_task (develop)
$ git checkout develop
Already on 'develop'

Evgeniy@Evgeniy-▒▒ MINGW64 ~/Desktop/git_task (develop)
$ git checkout -b develop-feature2
Switched to a new branch 'develop-feature2'

Evgeniy@Evgeniy-▒▒ MINGW64 ~/Desktop/git_task (develop-feature2)
$ git branch -v
  develop          c7bb92b 4:second_dev(two_dev)
* develop-feature2 c7bb92b 4:second_dev(two_dev)
  master           5c03b4c 2:second(two)

Evgeniy@Evgeniy-▒▒ MINGW64 ~/Desktop/git_task (develop-feature2)
$ git status
On branch develop-feature2
Untracked files:
  (use "git add <file>..." to include in what will be committed)

        view.php

nothing added to commit but untracked files present (use "git add" to track)

Evgeniy@Evgeniy-▒▒ MINGW64 ~/Desktop/git_task (develop-feature2)
$ git add *

Evgeniy@Evgeniy-▒▒ MINGW64 ~/Desktop/git_task (develop-feature2)
$ git statuus
git: 'statuus' is not a git command. See 'git --help'.

Did you mean this?
        status

Evgeniy@Evgeniy-▒▒ MINGW64 ~/Desktop/git_task (develop-feature2)
$ git status
On branch develop-feature2
Changes to be committed:
  (use "git reset HEAD <file>..." to unstage)

        new file:   view.php


Evgeniy@Evgeniy-▒▒ MINGW64 ~/Desktop/git_task (develop-feature2)
$ git checkout -b develop-feature1
A       view.php
Switched to a new branch 'develop-feature1'

Evgeniy@Evgeniy-▒▒ MINGW64 ~/Desktop/git_task (develop-feature1)
$ git branch -v
  develop          c7bb92b 4:second_dev(two_dev)
* develop-feature1 c7bb92b 4:second_dev(two_dev)
  develop-feature2 c7bb92b 4:second_dev(two_dev)
  master           5c03b4c 2:second(two)

Evgeniy@Evgeniy-▒▒ MINGW64 ~/Desktop/git_task (develop-feature1)
$ git status
On branch develop-feature1
Changes to be committed:
  (use "git reset HEAD <file>..." to unstage)

        new file:   view.php

Untracked files:
  (use "git add <file>..." to include in what will be committed)

        dev.php


Evgeniy@Evgeniy-▒▒ MINGW64 ~/Desktop/git_task (develop-feature1)
$ git add*
git: 'add*' is not a git command. See 'git --help'.

Did you mean this?
        add

Evgeniy@Evgeniy-▒▒ MINGW64 ~/Desktop/git_task (develop-feature1)
$ git add *

Evgeniy@Evgeniy-▒▒ MINGW64 ~/Desktop/git_task (develop-feature1)
$ git status
On branch develop-feature1
Changes to be committed:
  (use "git reset HEAD <file>..." to unstage)

        new file:   dev.php
        new file:   view.php


Evgeniy@Evgeniy-▒▒ MINGW64 ~/Desktop/git_task (develop-feature1)
$ git commit -m "5:first_dev1(one_dev1)"
[develop-feature1 441451a] 5:first_dev1(one_dev1)
 2 files changed, 6 insertions(+)
 create mode 100644 dev.php
 create mode 100644 view.php

Evgeniy@Evgeniy-▒▒ MINGW64 ~/Desktop/git_task (develop-feature1)
$ git commit - a -m "6:second(two_dev_1)"
error: pathspec '-' did not match any file(s) known to git.
error: pathspec 'a' did not match any file(s) known to git.

Evgeniy@Evgeniy-▒▒ MINGW64 ~/Desktop/git_task (develop-feature1)
$ ^C

Evgeniy@Evgeniy-▒▒ MINGW64 ~/Desktop/git_task (develop-feature1)
$ git commit - a -m "6:second(two_dev_1)"
error: pathspec '-' did not match any file(s) known to git.
error: pathspec 'a' did not match any file(s) known to git.

Evgeniy@Evgeniy-▒▒ MINGW64 ~/Desktop/git_task (develop-feature1)
$ git status
On branch develop-feature1
Changes not staged for commit:
  (use "git add <file>..." to update what will be committed)
  (use "git checkout -- <file>..." to discard changes in working directory)

        modified:   dev.php
        modified:   view.php

no changes added to commit (use "git add" and/or "git commit -a")

Evgeniy@Evgeniy-▒▒ MINGW64 ~/Desktop/git_task (develop-feature1)
$ git commit -a -m "6:second(two_dev_1)"
[develop-feature1 6aa7ab4] 6:second(two_dev_1)
 2 files changed, 5 insertions(+), 1 deletion(-)

Evgeniy@Evgeniy-▒▒ MINGW64 ~/Desktop/git_task (develop-feature1)
$ git status
On branch develop-feature1
nothing to commit, working directory clean

Evgeniy@Evgeniy-▒▒ MINGW64 ~/Desktop/git_task (develop-feature1)
$

Evgeniy@Evgeniy-▒▒ MINGW64 ~/Desktop/git_task (develop-feature1)
$ git checkout develop
Switched to branch 'develop'

Evgeniy@Evgeniy-▒▒ MINGW64 ~/Desktop/git_task (develop)
$ git merge develop-feature1
Updating c7bb92b..6aa7ab4
Fast-forward
 dev.php  | 5 +++++
 view.php | 5 +++++
 2 files changed, 10 insertions(+)
 create mode 100644 dev.php
 create mode 100644 view.php

Evgeniy@Evgeniy-▒▒ MINGW64 ~/Desktop/git_task (develop)
$ git checkout master
Switched to branch 'master'

Evgeniy@Evgeniy-▒▒ MINGW64 ~/Desktop/git_task (master)
$ git merge develop
Updating 5c03b4c..6aa7ab4
Fast-forward
 dev.php  | 5 +++++
 main.php | 7 +++++++
 view.php | 5 +++++
 3 files changed, 17 insertions(+)
 create mode 100644 dev.php
 create mode 100644 main.php
 create mode 100644 view.php

Evgeniy@Evgeniy-▒▒ MINGW64 ~/Desktop/git_task (master)
$ git tag -a release1 -m"release1"

Evgeniy@Evgeniy-▒▒ MINGW64 ~/Desktop/git_task (master)
$ git show releasw1
fatal: ambiguous argument 'releasw1': unknown revision or path not in the working tr                                                                                                                                             ee.
Use '--' to separate paths from revisions, like this:
'git <command> [<revision>...] -- [<file>...]'

Evgeniy@Evgeniy-▒▒ MINGW64 ~/Desktop/git_task (master)
$ git show release1
tag release1
Tagger: stoyat <evgenii_r84@mail.ru>
Date:   Sun Jul 10 10:13:54 2016 +0300

release1

commit 6aa7ab4fbdd4364e2dd6fd99b36bcdaa823948a5
Author: stoyat <evgenii_r84@mail.ru>
Date:   Sun Jul 10 10:06:37 2016 +0300

    6:second(two_dev_1)

diff --git a/dev.php b/dev.php
index b3d9bbc..5905d31 100644
--- a/dev.php
+++ b/dev.php
@@ -1 +1,5 @@
 <?php
+
+class Dev{
+
+}
diff --git a/view.php b/view.php
index 5ad45a3..e6c07f3 100644
--- a/view.php
+++ b/view.php
@@ -1,5 +1,5 @@
 <?php

 class View {
-
+       public $head;
 }
\ No newline at end of file

Evgeniy@Evgeniy-▒▒ MINGW64 ~/Desktop/git_task (master)
$ git branch _D develop-feature2

Evgeniy@Evgeniy-▒▒ MINGW64 ~/Desktop/git_task (master)
$ git branch -v
  _D               c7bb92b 4:second_dev(two_dev)
  develop          6aa7ab4 6:second(two_dev_1)
  develop-feature1 6aa7ab4 6:second(two_dev_1)
  develop-feature2 c7bb92b 4:second_dev(two_dev)
* master           6aa7ab4 6:second(two_dev_1)

Evgeniy@Evgeniy-▒▒ MINGW64 ~/Desktop/git_task (master)
$ git branch -D develop-featre2
error: branch 'develop-featre2' not found.

Evgeniy@Evgeniy-▒▒ MINGW64 ~/Desktop/git_task (master)
$ git branch -D develop-feature2
Deleted branch develop-feature2 (was c7bb92b).

Evgeniy@Evgeniy-▒▒ MINGW64 ~/Desktop/git_task (master)
$ git branch -v
  _D               c7bb92b 4:second_dev(two_dev)
  develop          6aa7ab4 6:second(two_dev_1)
  develop-feature1 6aa7ab4 6:second(two_dev_1)
* master           6aa7ab4 6:second(two_dev_1)

Evgeniy@Evgeniy-▒▒ MINGW64 ~/Desktop/git_task (master)
$ git remote add origin https://github.com/ryzhykE/git_task.git

Evgeniy@Evgeniy-▒▒ MINGW64 ~/Desktop/git_task (master)
$ git push -u
warning: push.default is unset; its implicit value has changed in
Git 2.0 from 'matching' to 'simple'. To squelch this message
and maintain the traditional behavior, use:

  git config --global push.default matching

To squelch this message and adopt the new behavior now, use:

  git config --global push.default simple

When push.default is set to 'matching', git will push local branches
to the remote branches that already exist with the same name.


See 'git help config' and search for 'push.default' for further information.
(the 'simple' mode was introduced in Git 1.7.11. Use the similar mode
'current' instead of 'simple' if you sometimes use older versions of Git)

fatal: The current branch master has no upstream branch.
To push the current branch and set the remote as upstream, use

    git push --set-upstream origin master


Evgeniy@Evgeniy-▒▒ MINGW64 ~/Desktop/git_task (master)
$ git push -u origin master
Counting objects: 20, done.
Delta compression using up to 4 threads.
Compressing objects: 100% (13/13), done.
Writing objects: 100% (20/20), 1.85 KiB | 0 bytes/s, done.
Total 20 (delta 1), reused 0 (delta 0)
To https://github.com/ryzhykE/git_task.git
 * [new branch]      master -> master
Branch master set up to track remote branch master from origin.

Evgeniy@Evgeniy-▒▒ MINGW64 ~/Desktop/git_task (master)
